// Jest Snapshot v1, https://goo.gl/fbAQLP

exports[`Form validation Validation summary Renders with multiple errors 1`] = `"<div id=\\"validation-summary\\" class=\\"coop-c-message coop-c-message--error\\" tabindex=\\"-1\\" role=\\"alert\\" aria-labelledby=\\"validation-summary-heading\\"><h2 id=\\"validation-summary-heading\\">There’s a problem</h2><p class=\\"coop-c-message__message\\">Check the form. You must:</p><ul class=\\"coop-c-message__list\\"><li><a href=\\"#example\\" class=\\"coop-c-message__link\\">Enter an example input</a></li><li><a href=\\"#example-missing-1\\" class=\\"coop-c-message__link\\">Enter a missing input</a></li><li><a href=\\"#example-missing-2\\" class=\\"coop-c-message__link\\">Enter a missing input</a></li><li>Custom <a href=\\"#\\">validation link</a> HTML</li></ul></div>"`;

exports[`Form validation Validation summary Renders with single error 1`] = `"<div id=\\"validation-summary\\" class=\\"coop-c-message coop-c-message--error\\" tabindex=\\"-1\\" role=\\"alert\\" aria-labelledby=\\"validation-summary-heading\\"><h2 id=\\"validation-summary-heading\\">There’s a problem</h2><p class=\\"coop-c-message__message\\">Something went wrong</p></div>"`;
