// Jest Snapshot v1, https://goo.gl/fbAQLP

exports[`Alert should work with all variants 1`] = `
<DocumentFragment>
  <div>
    <div
      class="coop-c-notification"
      role="status"
    >
      <h3
        class="coop-c-notification__heading"
      >
        Info Alert
      </h3>
      <p
        class="coop-c-notification__p"
      >
        <a
          class="coop-c-notification__link"
          href="#"
        >
          Example message
        </a>
      </p>
    </div>
    <div
      class="coop-c-notification coop-c-notification--alert"
      data-testid="alert-warn"
      role="status"
    >
      <h3
        class="coop-c-notification__heading"
      >
        Warning Alert
      </h3>
      <p
        class="coop-c-notification__p"
      >
        <a
          class="coop-c-notification__link"
          href="#"
        >
          Example message
        </a>
      </p>
    </div>
    <div
      class="coop-c-notification coop-c-notification--error"
      data-testid="alert-error"
      role="status"
    >
      <h3
        class="coop-c-notification__heading"
      >
        Error Alert
      </h3>
      <p
        class="coop-c-notification__p"
      >
        <a
          class="coop-c-notification__link"
          href="#"
        >
          Example message
        </a>
      </p>
    </div>
    <div
      class="coop-c-notification"
      data-testid="alert-default"
      role="status"
    >
      <h3
        class="coop-c-notification__heading"
      >
        Alert with no link
      </h3>
      <p
        class="coop-c-notification__p"
      />
      <p
        class="coop-c-notification__p"
      >
        Standard message
      </p>
    </div>
  </div>
</DocumentFragment>
`;
